# policy decision matrix, 576 cells
# max_attempts=3 cooldown=30s ceiling=400000 paise budget=500
# regenerate with: go test ./internal/policy -update
class=unclassified attempts=0 amount=below elapsed=0 kill=false -> escalate R7-UNKNOWN-FAIL-CLOSED remaining=3
class=unclassified attempts=0 amount=below elapsed=0 kill=true -> deny R8-KILL-SWITCH remaining=3
class=unclassified attempts=0 amount=below elapsed=cooldown-1s kill=false -> escalate R7-UNKNOWN-FAIL-CLOSED remaining=3
class=unclassified attempts=0 amount=below elapsed=cooldown-1s kill=true -> deny R8-KILL-SWITCH remaining=3
class=unclassified attempts=0 amount=below elapsed=cooldown kill=false -> escalate R7-UNKNOWN-FAIL-CLOSED remaining=3
class=unclassified attempts=0 amount=below elapsed=cooldown kill=true -> deny R8-KILL-SWITCH remaining=3
class=unclassified attempts=0 amount=below elapsed=cooldown+1s kill=false -> escalate R7-UNKNOWN-FAIL-CLOSED remaining=3
class=unclassified attempts=0 amount=below elapsed=cooldown+1s kill=true -> deny R8-KILL-SWITCH remaining=3
class=unclassified attempts=0 amount=at elapsed=0 kill=false -> escalate R7-UNKNOWN-FAIL-CLOSED remaining=3
class=unclassified attempts=0 amount=at elapsed=0 kill=true -> deny R8-KILL-SWITCH remaining=3
class=unclassified attempts=0 amount=at elapsed=cooldown-1s kill=false -> escalate R7-UNKNOWN-FAIL-CLOSED remaining=3
class=unclassified attempts=0 amount=at elapsed=cooldown-1s kill=true -> deny R8-KILL-SWITCH remaining=3
class=unclassified attempts=0 amount=at elapsed=cooldown kill=false -> escalate R7-UNKNOWN-FAIL-CLOSED remaining=3
class=unclassified attempts=0 amount=at elapsed=cooldown kill=true -> deny R8-KILL-SWITCH remaining=3
class=unclassified attempts=0 amount=at elapsed=cooldown+1s kill=false -> escalate R7-UNKNOWN-FAIL-CLOSED remaining=3
class=unclassified attempts=0 amount=at elapsed=cooldown+1s kill=true -> deny R8-KILL-SWITCH remaining=3
class=unclassified attempts=0 amount=above elapsed=0 kill=false -> escalate R7-UNKNOWN-FAIL-CLOSED remaining=3
class=unclassified attempts=0 amount=above elapsed=0 kill=true -> deny R8-KILL-SWITCH remaining=3
class=unclassified attempts=0 amount=above elapsed=cooldown-1s kill=false -> escalate R7-UNKNOWN-FAIL-CLOSED remaining=3
class=unclassified attempts=0 amount=above elapsed=cooldown-1s kill=true -> deny R8-KILL-SWITCH remaining=3
class=unclassified attempts=0 amount=above elapsed=cooldown kill=false -> escalate R7-UNKNOWN-FAIL-CLOSED remaining=3
class=unclassified attempts=0 amount=above elapsed=cooldown kill=true -> deny R8-KILL-SWITCH remaining=3
class=unclassified attempts=0 amount=above elapsed=cooldown+1s kill=false -> escalate R7-UNKNOWN-FAIL-CLOSED remaining=3
class=unclassified attempts=0 amount=above elapsed=cooldown+1s kill=true -> deny R8-KILL-SWITCH remaining=3
class=unclassified attempts=1 amount=below elapsed=0 kill=false -> escalate R7-UNKNOWN-FAIL-CLOSED remaining=2
class=unclassified attempts=1 amount=below elapsed=0 kill=true -> deny R8-KILL-SWITCH remaining=2
class=unclassified attempts=1 amount=below elapsed=cooldown-1s kill=false -> escalate R7-UNKNOWN-FAIL-CLOSED remaining=2
class=unclassified attempts=1 amount=below elapsed=cooldown-1s kill=true -> deny R8-KILL-SWITCH remaining=2
class=unclassified attempts=1 amount=below elapsed=cooldown kill=false -> escalate R7-UNKNOWN-FAIL-CLOSED remaining=2
class=unclassified attempts=1 amount=below elapsed=cooldown kill=true -> deny R8-KILL-SWITCH remaining=2
class=unclassified attempts=1 amount=below elapsed=cooldown+1s kill=false -> escalate R7-UNKNOWN-FAIL-CLOSED remaining=2
class=unclassified attempts=1 amount=below elapsed=cooldown+1s kill=true -> deny R8-KILL-SWITCH remaining=2
class=unclassified attempts=1 amount=at elapsed=0 kill=false -> escalate R7-UNKNOWN-FAIL-CLOSED remaining=2
class=unclassified attempts=1 amount=at elapsed=0 kill=true -> deny R8-KILL-SWITCH remaining=2
class=unclassified attempts=1 amount=at elapsed=cooldown-1s kill=false -> escalate R7-UNKNOWN-FAIL-CLOSED remaining=2
class=unclassified attempts=1 amount=at elapsed=cooldown-1s kill=true -> deny R8-KILL-SWITCH remaining=2
class=unclassified attempts=1 amount=at elapsed=cooldown kill=false -> escalate R7-UNKNOWN-FAIL-CLOSED remaining=2
class=unclassified attempts=1 amount=at elapsed=cooldown kill=true -> deny R8-KILL-SWITCH remaining=2
class=unclassified attempts=1 amount=at elapsed=cooldown+1s kill=false -> escalate R7-UNKNOWN-FAIL-CLOSED remaining=2
class=unclassified attempts=1 amount=at elapsed=cooldown+1s kill=true -> deny R8-KILL-SWITCH remaining=2
class=unclassified attempts=1 amount=above elapsed=0 kill=false -> escalate R7-UNKNOWN-FAIL-CLOSED remaining=2
class=unclassified attempts=1 amount=above elapsed=0 kill=true -> deny R8-KILL-SWITCH remaining=2
class=unclassified attempts=1 amount=above elapsed=cooldown-1s kill=false -> escalate R7-UNKNOWN-FAIL-CLOSED remaining=2
class=unclassified attempts=1 amount=above elapsed=cooldown-1s kill=true -> deny R8-KILL-SWITCH remaining=2
class=unclassified attempts=1 amount=above elapsed=cooldown kill=false -> escalate R7-UNKNOWN-FAIL-CLOSED remaining=2
class=unclassified attempts=1 amount=above elapsed=cooldown kill=true -> deny R8-KILL-SWITCH remaining=2
class=unclassified attempts=1 amount=above elapsed=cooldown+1s kill=false -> escalate R7-UNKNOWN-FAIL-CLOSED remaining=2
class=unclassified attempts=1 amount=above elapsed=cooldown+1s kill=true -> deny R8-KILL-SWITCH remaining=2
class=unclassified attempts=2 amount=below elapsed=0 kill=false -> escalate R7-UNKNOWN-FAIL-CLOSED remaining=1
class=unclassified attempts=2 amount=below elapsed=0 kill=true -> deny R8-KILL-SWITCH remaining=1
class=unclassified attempts=2 amount=below elapsed=cooldown-1s kill=false -> escalate R7-UNKNOWN-FAIL-CLOSED remaining=1
class=unclassified attempts=2 amount=below elapsed=cooldown-1s kill=true -> deny R8-KILL-SWITCH remaining=1
class=unclassified attempts=2 amount=below elapsed=cooldown kill=false -> escalate R7-UNKNOWN-FAIL-CLOSED remaining=1
class=unclassified attempts=2 amount=below elapsed=cooldown kill=true -> deny R8-KILL-SWITCH remaining=1
class=unclassified attempts=2 amount=below elapsed=cooldown+1s kill=false -> escalate R7-UNKNOWN-FAIL-CLOSED remaining=1
class=unclassified attempts=2 amount=below elapsed=cooldown+1s kill=true -> deny R8-KILL-SWITCH remaining=1
class=unclassified attempts=2 amount=at elapsed=0 kill=false -> escalate R7-UNKNOWN-FAIL-CLOSED remaining=1
class=unclassified attempts=2 amount=at elapsed=0 kill=true -> deny R8-KILL-SWITCH remaining=1
class=unclassified attempts=2 amount=at elapsed=cooldown-1s kill=false -> escalate R7-UNKNOWN-FAIL-CLOSED remaining=1
class=unclassified attempts=2 amount=at elapsed=cooldown-1s kill=true -> deny R8-KILL-SWITCH remaining=1
class=unclassified attempts=2 amount=at elapsed=cooldown kill=false -> escalate R7-UNKNOWN-FAIL-CLOSED remaining=1
class=unclassified attempts=2 amount=at elapsed=cooldown kill=true -> deny R8-KILL-SWITCH remaining=1
class=unclassified attempts=2 amount=at elapsed=cooldown+1s kill=false -> escalate R7-UNKNOWN-FAIL-CLOSED remaining=1
class=unclassified attempts=2 amount=at elapsed=cooldown+1s kill=true -> deny R8-KILL-SWITCH remaining=1
class=unclassified attempts=2 amount=above elapsed=0 kill=false -> escalate R7-UNKNOWN-FAIL-CLOSED remaining=1
class=unclassified attempts=2 amount=above elapsed=0 kill=true -> deny R8-KILL-SWITCH remaining=1
class=unclassified attempts=2 amount=above elapsed=cooldown-1s kill=false -> escalate R7-UNKNOWN-FAIL-CLOSED remaining=1
class=unclassified attempts=2 amount=above elapsed=cooldown-1s kill=true -> deny R8-KILL-SWITCH remaining=1
class=unclassified attempts=2 amount=above elapsed=cooldown kill=false -> escalate R7-UNKNOWN-FAIL-CLOSED remaining=1
class=unclassified attempts=2 amount=above elapsed=cooldown kill=true -> deny R8-KILL-SWITCH remaining=1
class=unclassified attempts=2 amount=above elapsed=cooldown+1s kill=false -> escalate R7-UNKNOWN-FAIL-CLOSED remaining=1
class=unclassified attempts=2 amount=above elapsed=cooldown+1s kill=true -> deny R8-KILL-SWITCH remaining=1
class=unclassified attempts=3 amount=below elapsed=0 kill=false -> escalate R7-UNKNOWN-FAIL-CLOSED remaining=0
class=unclassified attempts=3 amount=below elapsed=0 kill=true -> deny R8-KILL-SWITCH remaining=0
class=unclassified attempts=3 amount=below elapsed=cooldown-1s kill=false -> escalate R7-UNKNOWN-FAIL-CLOSED remaining=0
class=unclassified attempts=3 amount=below elapsed=cooldown-1s kill=true -> deny R8-KILL-SWITCH remaining=0
class=unclassified attempts=3 amount=below elapsed=cooldown kill=false -> escalate R7-UNKNOWN-FAIL-CLOSED remaining=0
class=unclassified attempts=3 amount=below elapsed=cooldown kill=true -> deny R8-KILL-SWITCH remaining=0
class=unclassified attempts=3 amount=below elapsed=cooldown+1s kill=false -> escalate R7-UNKNOWN-FAIL-CLOSED remaining=0
class=unclassified attempts=3 amount=below elapsed=cooldown+1s kill=true -> deny R8-KILL-SWITCH remaining=0
class=unclassified attempts=3 amount=at elapsed=0 kill=false -> escalate R7-UNKNOWN-FAIL-CLOSED remaining=0
class=unclassified attempts=3 amount=at elapsed=0 kill=true -> deny R8-KILL-SWITCH remaining=0
class=unclassified attempts=3 amount=at elapsed=cooldown-1s kill=false -> escalate R7-UNKNOWN-FAIL-CLOSED remaining=0
class=unclassified attempts=3 amount=at elapsed=cooldown-1s kill=true -> deny R8-KILL-SWITCH remaining=0
class=unclassified attempts=3 amount=at elapsed=cooldown kill=false -> escalate R7-UNKNOWN-FAIL-CLOSED remaining=0
class=unclassified attempts=3 amount=at elapsed=cooldown kill=true -> deny R8-KILL-SWITCH remaining=0
class=unclassified attempts=3 amount=at elapsed=cooldown+1s kill=false -> escalate R7-UNKNOWN-FAIL-CLOSED remaining=0
class=unclassified attempts=3 amount=at elapsed=cooldown+1s kill=true -> deny R8-KILL-SWITCH remaining=0
class=unclassified attempts=3 amount=above elapsed=0 kill=false -> escalate R7-UNKNOWN-FAIL-CLOSED remaining=0
class=unclassified attempts=3 amount=above elapsed=0 kill=true -> deny R8-KILL-SWITCH remaining=0
class=unclassified attempts=3 amount=above elapsed=cooldown-1s kill=false -> escalate R7-UNKNOWN-FAIL-CLOSED remaining=0
class=unclassified attempts=3 amount=above elapsed=cooldown-1s kill=true -> deny R8-KILL-SWITCH remaining=0
class=unclassified attempts=3 amount=above elapsed=cooldown kill=false -> escalate R7-UNKNOWN-FAIL-CLOSED remaining=0
class=unclassified attempts=3 amount=above elapsed=cooldown kill=true -> deny R8-KILL-SWITCH remaining=0
class=unclassified attempts=3 amount=above elapsed=cooldown+1s kill=false -> escalate R7-UNKNOWN-FAIL-CLOSED remaining=0
class=unclassified attempts=3 amount=above elapsed=cooldown+1s kill=true -> deny R8-KILL-SWITCH remaining=0
class=transient_retry_eligible attempts=0 amount=below elapsed=0 kill=false -> deny R2-COOLDOWN remaining=3
class=transient_retry_eligible attempts=0 amount=below elapsed=0 kill=true -> deny R8-KILL-SWITCH remaining=3
class=transient_retry_eligible attempts=0 amount=below elapsed=cooldown-1s kill=false -> deny R2-COOLDOWN remaining=3
class=transient_retry_eligible attempts=0 amount=below elapsed=cooldown-1s kill=true -> deny R8-KILL-SWITCH remaining=3
class=transient_retry_eligible attempts=0 amount=below elapsed=cooldown kill=false -> allow R0-DEFAULT-ALLOW remaining=3
class=transient_retry_eligible attempts=0 amount=below elapsed=cooldown kill=true -> deny R8-KILL-SWITCH remaining=3
class=transient_retry_eligible attempts=0 amount=below elapsed=cooldown+1s kill=false -> allow R0-DEFAULT-ALLOW remaining=3
class=transient_retry_eligible attempts=0 amount=below elapsed=cooldown+1s kill=true -> deny R8-KILL-SWITCH remaining=3
class=transient_retry_eligible attempts=0 amount=at elapsed=0 kill=false -> deny R2-COOLDOWN remaining=3
class=transient_retry_eligible attempts=0 amount=at elapsed=0 kill=true -> deny R8-KILL-SWITCH remaining=3
class=transient_retry_eligible attempts=0 amount=at elapsed=cooldown-1s kill=false -> deny R2-COOLDOWN remaining=3
class=transient_retry_eligible attempts=0 amount=at elapsed=cooldown-1s kill=true -> deny R8-KILL-SWITCH remaining=3
class=transient_retry_eligible attempts=0 amount=at elapsed=cooldown kill=false -> allow R0-DEFAULT-ALLOW remaining=3
class=transient_retry_eligible attempts=0 amount=at elapsed=cooldown kill=true -> deny R8-KILL-SWITCH remaining=3
class=transient_retry_eligible attempts=0 amount=at elapsed=cooldown+1s kill=false -> allow R0-DEFAULT-ALLOW remaining=3
class=transient_retry_eligible attempts=0 amount=at elapsed=cooldown+1s kill=true -> deny R8-KILL-SWITCH remaining=3
class=transient_retry_eligible attempts=0 amount=above elapsed=0 kill=false -> escalate R3-AMOUNT-CEILING remaining=3
class=transient_retry_eligible attempts=0 amount=above elapsed=0 kill=true -> deny R8-KILL-SWITCH remaining=3
class=transient_retry_eligible attempts=0 amount=above elapsed=cooldown-1s kill=false -> escalate R3-AMOUNT-CEILING remaining=3
class=transient_retry_eligible attempts=0 amount=above elapsed=cooldown-1s kill=true -> deny R8-KILL-SWITCH remaining=3
class=transient_retry_eligible attempts=0 amount=above elapsed=cooldown kill=false -> escalate R3-AMOUNT-CEILING remaining=3
class=transient_retry_eligible attempts=0 amount=above elapsed=cooldown kill=true -> deny R8-KILL-SWITCH remaining=3
class=transient_retry_eligible attempts=0 amount=above elapsed=cooldown+1s kill=false -> escalate R3-AMOUNT-CEILING remaining=3
class=transient_retry_eligible attempts=0 amount=above elapsed=cooldown+1s kill=true -> deny R8-KILL-SWITCH remaining=3
class=transient_retry_eligible attempts=1 amount=below elapsed=0 kill=false -> deny R2-COOLDOWN remaining=2
class=transient_retry_eligible attempts=1 amount=below elapsed=0 kill=true -> deny R8-KILL-SWITCH remaining=2
class=transient_retry_eligible attempts=1 amount=below elapsed=cooldown-1s kill=false -> deny R2-COOLDOWN remaining=2
class=transient_retry_eligible attempts=1 amount=below elapsed=cooldown-1s kill=true -> deny R8-KILL-SWITCH remaining=2
class=transient_retry_eligible attempts=1 amount=below elapsed=cooldown kill=false -> allow R0-DEFAULT-ALLOW remaining=2
class=transient_retry_eligible attempts=1 amount=below elapsed=cooldown kill=true -> deny R8-KILL-SWITCH remaining=2
class=transient_retry_eligible attempts=1 amount=below elapsed=cooldown+1s kill=false -> allow R0-DEFAULT-ALLOW remaining=2
class=transient_retry_eligible attempts=1 amount=below elapsed=cooldown+1s kill=true -> deny R8-KILL-SWITCH remaining=2
class=transient_retry_eligible attempts=1 amount=at elapsed=0 kill=false -> deny R2-COOLDOWN remaining=2
class=transient_retry_eligible attempts=1 amount=at elapsed=0 kill=true -> deny R8-KILL-SWITCH remaining=2
class=transient_retry_eligible attempts=1 amount=at elapsed=cooldown-1s kill=false -> deny R2-COOLDOWN remaining=2
class=transient_retry_eligible attempts=1 amount=at elapsed=cooldown-1s kill=true -> deny R8-KILL-SWITCH remaining=2
class=transient_retry_eligible attempts=1 amount=at elapsed=cooldown kill=false -> allow R0-DEFAULT-ALLOW remaining=2
class=transient_retry_eligible attempts=1 amount=at elapsed=cooldown kill=true -> deny R8-KILL-SWITCH remaining=2
class=transient_retry_eligible attempts=1 amount=at elapsed=cooldown+1s kill=false -> allow R0-DEFAULT-ALLOW remaining=2
class=transient_retry_eligible attempts=1 amount=at elapsed=cooldown+1s kill=true -> deny R8-KILL-SWITCH remaining=2
class=transient_retry_eligible attempts=1 amount=above elapsed=0 kill=false -> escalate R3-AMOUNT-CEILING remaining=2
class=transient_retry_eligible attempts=1 amount=above elapsed=0 kill=true -> deny R8-KILL-SWITCH remaining=2
class=transient_retry_eligible attempts=1 amount=above elapsed=cooldown-1s kill=false -> escalate R3-AMOUNT-CEILING remaining=2
class=transient_retry_eligible attempts=1 amount=above elapsed=cooldown-1s kill=true -> deny R8-KILL-SWITCH remaining=2
class=transient_retry_eligible attempts=1 amount=above elapsed=cooldown kill=false -> escalate R3-AMOUNT-CEILING remaining=2
class=transient_retry_eligible attempts=1 amount=above elapsed=cooldown kill=true -> deny R8-KILL-SWITCH remaining=2
class=transient_retry_eligible attempts=1 amount=above elapsed=cooldown+1s kill=false -> escalate R3-AMOUNT-CEILING remaining=2
class=transient_retry_eligible attempts=1 amount=above elapsed=cooldown+1s kill=true -> deny R8-KILL-SWITCH remaining=2
class=transient_retry_eligible attempts=2 amount=below elapsed=0 kill=false -> deny R2-COOLDOWN remaining=1
class=transient_retry_eligible attempts=2 amount=below elapsed=0 kill=true -> deny R8-KILL-SWITCH remaining=1
class=transient_retry_eligible attempts=2 amount=below elapsed=cooldown-1s kill=false -> deny R2-COOLDOWN remaining=1
class=transient_retry_eligible attempts=2 amount=below elapsed=cooldown-1s kill=true -> deny R8-KILL-SWITCH remaining=1
class=transient_retry_eligible attempts=2 amount=below elapsed=cooldown kill=false -> allow R0-DEFAULT-ALLOW remaining=1
class=transient_retry_eligible attempts=2 amount=below elapsed=cooldown kill=true -> deny R8-KILL-SWITCH remaining=1
class=transient_retry_eligible attempts=2 amount=below elapsed=cooldown+1s kill=false -> allow R0-DEFAULT-ALLOW remaining=1
class=transient_retry_eligible attempts=2 amount=below elapsed=cooldown+1s kill=true -> deny R8-KILL-SWITCH remaining=1
class=transient_retry_eligible attempts=2 amount=at elapsed=0 kill=false -> deny R2-COOLDOWN remaining=1
class=transient_retry_eligible attempts=2 amount=at elapsed=0 kill=true -> deny R8-KILL-SWITCH remaining=1
class=transient_retry_eligible attempts=2 amount=at elapsed=cooldown-1s kill=false -> deny R2-COOLDOWN remaining=1
class=transient_retry_eligible attempts=2 amount=at elapsed=cooldown-1s kill=true -> deny R8-KILL-SWITCH remaining=1
class=transient_retry_eligible attempts=2 amount=at elapsed=cooldown kill=false -> allow R0-DEFAULT-ALLOW remaining=1
class=transient_retry_eligible attempts=2 amount=at elapsed=cooldown kill=true -> deny R8-KILL-SWITCH remaining=1
class=transient_retry_eligible attempts=2 amount=at elapsed=cooldown+1s kill=false -> allow R0-DEFAULT-ALLOW remaining=1
class=transient_retry_eligible attempts=2 amount=at elapsed=cooldown+1s kill=true -> deny R8-KILL-SWITCH remaining=1
class=transient_retry_eligible attempts=2 amount=above elapsed=0 kill=false -> escalate R3-AMOUNT-CEILING remaining=1
class=transient_retry_eligible attempts=2 amount=above elapsed=0 kill=true -> deny R8-KILL-SWITCH remaining=1
class=transient_retry_eligible attempts=2 amount=above elapsed=cooldown-1s kill=false -> escalate R3-AMOUNT-CEILING remaining=1
class=transient_retry_eligible attempts=2 amount=above elapsed=cooldown-1s kill=true -> deny R8-KILL-SWITCH remaining=1
class=transient_retry_eligible attempts=2 amount=above elapsed=cooldown kill=false -> escalate R3-AMOUNT-CEILING remaining=1
class=transient_retry_eligible attempts=2 amount=above elapsed=cooldown kill=true -> deny R8-KILL-SWITCH remaining=1
class=transient_retry_eligible attempts=2 amount=above elapsed=cooldown+1s kill=false -> escalate R3-AMOUNT-CEILING remaining=1
class=transient_retry_eligible attempts=2 amount=above elapsed=cooldown+1s kill=true -> deny R8-KILL-SWITCH remaining=1
class=transient_retry_eligible attempts=3 amount=below elapsed=0 kill=false -> deny R1-MAX-ATTEMPTS remaining=0
class=transient_retry_eligible attempts=3 amount=below elapsed=0 kill=true -> deny R8-KILL-SWITCH remaining=0
class=transient_retry_eligible attempts=3 amount=below elapsed=cooldown-1s kill=false -> deny R1-MAX-ATTEMPTS remaining=0
class=transient_retry_eligible attempts=3 amount=below elapsed=cooldown-1s kill=true -> deny R8-KILL-SWITCH remaining=0
class=transient_retry_eligible attempts=3 amount=below elapsed=cooldown kill=false -> deny R1-MAX-ATTEMPTS remaining=0
class=transient_retry_eligible attempts=3 amount=below elapsed=cooldown kill=true -> deny R8-KILL-SWITCH remaining=0
class=transient_retry_eligible attempts=3 amount=below elapsed=cooldown+1s kill=false -> deny R1-MAX-ATTEMPTS remaining=0
class=transient_retry_eligible attempts=3 amount=below elapsed=cooldown+1s kill=true -> deny R8-KILL-SWITCH remaining=0
class=transient_retry_eligible attempts=3 amount=at elapsed=0 kill=false -> deny R1-MAX-ATTEMPTS remaining=0
class=transient_retry_eligible attempts=3 amount=at elapsed=0 kill=true -> deny R8-KILL-SWITCH remaining=0
class=transient_retry_eligible attempts=3 amount=at elapsed=cooldown-1s kill=false -> deny R1-MAX-ATTEMPTS remaining=0
class=transient_retry_eligible attempts=3 amount=at elapsed=cooldown-1s kill=true -> deny R8-KILL-SWITCH remaining=0
class=transient_retry_eligible attempts=3 amount=at elapsed=cooldown kill=false -> deny R1-MAX-ATTEMPTS remaining=0
class=transient_retry_eligible attempts=3 amount=at elapsed=cooldown kill=true -> deny R8-KILL-SWITCH remaining=0
class=transient_retry_eligible attempts=3 amount=at elapsed=cooldown+1s kill=false -> deny R1-MAX-ATTEMPTS remaining=0
class=transient_retry_eligible attempts=3 amount=at elapsed=cooldown+1s kill=true -> deny R8-KILL-SWITCH remaining=0
class=transient_retry_eligible attempts=3 amount=above elapsed=0 kill=false -> escalate R3-AMOUNT-CEILING remaining=0
class=transient_retry_eligible attempts=3 amount=above elapsed=0 kill=true -> deny R8-KILL-SWITCH remaining=0
class=transient_retry_eligible attempts=3 amount=above elapsed=cooldown-1s kill=false -> escalate R3-AMOUNT-CEILING remaining=0
class=transient_retry_eligible attempts=3 amount=above elapsed=cooldown-1s kill=true -> deny R8-KILL-SWITCH remaining=0
class=transient_retry_eligible attempts=3 amount=above elapsed=cooldown kill=false -> escalate R3-AMOUNT-CEILING remaining=0
class=transient_retry_eligible attempts=3 amount=above elapsed=cooldown kill=true -> deny R8-KILL-SWITCH remaining=0
class=transient_retry_eligible attempts=3 amount=above elapsed=cooldown+1s kill=false -> escalate R3-AMOUNT-CEILING remaining=0
class=transient_retry_eligible attempts=3 amount=above elapsed=cooldown+1s kill=true -> deny R8-KILL-SWITCH remaining=0
class=retry_eligible attempts=0 amount=below elapsed=0 kill=false -> deny R2-COOLDOWN remaining=3
class=retry_eligible attempts=0 amount=below elapsed=0 kill=true -> deny R8-KILL-SWITCH remaining=3
class=retry_eligible attempts=0 amount=below elapsed=cooldown-1s kill=false -> deny R2-COOLDOWN remaining=3
class=retry_eligible attempts=0 amount=below elapsed=cooldown-1s kill=true -> deny R8-KILL-SWITCH remaining=3
class=retry_eligible attempts=0 amount=below elapsed=cooldown kill=false -> allow R0-DEFAULT-ALLOW remaining=3
class=retry_eligible attempts=0 amount=below elapsed=cooldown kill=true -> deny R8-KILL-SWITCH remaining=3
class=retry_eligible attempts=0 amount=below elapsed=cooldown+1s kill=false -> allow R0-DEFAULT-ALLOW remaining=3
class=retry_eligible attempts=0 amount=below elapsed=cooldown+1s kill=true -> deny R8-KILL-SWITCH remaining=3
class=retry_eligible attempts=0 amount=at elapsed=0 kill=false -> deny R2-COOLDOWN remaining=3
class=retry_eligible attempts=0 amount=at elapsed=0 kill=true -> deny R8-KILL-SWITCH remaining=3
class=retry_eligible attempts=0 amount=at elapsed=cooldown-1s kill=false -> deny R2-COOLDOWN remaining=3
class=retry_eligible attempts=0 amount=at elapsed=cooldown-1s kill=true -> deny R8-KILL-SWITCH remaining=3
class=retry_eligible attempts=0 amount=at elapsed=cooldown kill=false -> allow R0-DEFAULT-ALLOW remaining=3
class=retry_eligible attempts=0 amount=at elapsed=cooldown kill=true -> deny R8-KILL-SWITCH remaining=3
class=retry_eligible attempts=0 amount=at elapsed=cooldown+1s kill=false -> allow R0-DEFAULT-ALLOW remaining=3
class=retry_eligible attempts=0 amount=at elapsed=cooldown+1s kill=true -> deny R8-KILL-SWITCH remaining=3
class=retry_eligible attempts=0 amount=above elapsed=0 kill=false -> escalate R3-AMOUNT-CEILING remaining=3
class=retry_eligible attempts=0 amount=above elapsed=0 kill=true -> deny R8-KILL-SWITCH remaining=3
class=retry_eligible attempts=0 amount=above elapsed=cooldown-1s kill=false -> escalate R3-AMOUNT-CEILING remaining=3
class=retry_eligible attempts=0 amount=above elapsed=cooldown-1s kill=true -> deny R8-KILL-SWITCH remaining=3
class=retry_eligible attempts=0 amount=above elapsed=cooldown kill=false -> escalate R3-AMOUNT-CEILING remaining=3
class=retry_eligible attempts=0 amount=above elapsed=cooldown kill=true -> deny R8-KILL-SWITCH remaining=3
class=retry_eligible attempts=0 amount=above elapsed=cooldown+1s kill=false -> escalate R3-AMOUNT-CEILING remaining=3
class=retry_eligible attempts=0 amount=above elapsed=cooldown+1s kill=true -> deny R8-KILL-SWITCH remaining=3
class=retry_eligible attempts=1 amount=below elapsed=0 kill=false -> deny R2-COOLDOWN remaining=2
class=retry_eligible attempts=1 amount=below elapsed=0 kill=true -> deny R8-KILL-SWITCH remaining=2
class=retry_eligible attempts=1 amount=below elapsed=cooldown-1s kill=false -> deny R2-COOLDOWN remaining=2
class=retry_eligible attempts=1 amount=below elapsed=cooldown-1s kill=true -> deny R8-KILL-SWITCH remaining=2
class=retry_eligible attempts=1 amount=below elapsed=cooldown kill=false -> allow R0-DEFAULT-ALLOW remaining=2
class=retry_eligible attempts=1 amount=below elapsed=cooldown kill=true -> deny R8-KILL-SWITCH remaining=2
class=retry_eligible attempts=1 amount=below elapsed=cooldown+1s kill=false -> allow R0-DEFAULT-ALLOW remaining=2
class=retry_eligible attempts=1 amount=below elapsed=cooldown+1s kill=true -> deny R8-KILL-SWITCH remaining=2
class=retry_eligible attempts=1 amount=at elapsed=0 kill=false -> deny R2-COOLDOWN remaining=2
class=retry_eligible attempts=1 amount=at elapsed=0 kill=true -> deny R8-KILL-SWITCH remaining=2
class=retry_eligible attempts=1 amount=at elapsed=cooldown-1s kill=false -> deny R2-COOLDOWN remaining=2
class=retry_eligible attempts=1 amount=at elapsed=cooldown-1s kill=true -> deny R8-KILL-SWITCH remaining=2
class=retry_eligible attempts=1 amount=at elapsed=cooldown kill=false -> allow R0-DEFAULT-ALLOW remaining=2
class=retry_eligible attempts=1 amount=at elapsed=cooldown kill=true -> deny R8-KILL-SWITCH remaining=2
class=retry_eligible attempts=1 amount=at elapsed=cooldown+1s kill=false -> allow R0-DEFAULT-ALLOW remaining=2
class=retry_eligible attempts=1 amount=at elapsed=cooldown+1s kill=true -> deny R8-KILL-SWITCH remaining=2
class=retry_eligible attempts=1 amount=above elapsed=0 kill=false -> escalate R3-AMOUNT-CEILING remaining=2
class=retry_eligible attempts=1 amount=above elapsed=0 kill=true -> deny R8-KILL-SWITCH remaining=2
class=retry_eligible attempts=1 amount=above elapsed=cooldown-1s kill=false -> escalate R3-AMOUNT-CEILING remaining=2
class=retry_eligible attempts=1 amount=above elapsed=cooldown-1s kill=true -> deny R8-KILL-SWITCH remaining=2
class=retry_eligible attempts=1 amount=above elapsed=cooldown kill=false -> escalate R3-AMOUNT-CEILING remaining=2
class=retry_eligible attempts=1 amount=above elapsed=cooldown kill=true -> deny R8-KILL-SWITCH remaining=2
class=retry_eligible attempts=1 amount=above elapsed=cooldown+1s kill=false -> escalate R3-AMOUNT-CEILING remaining=2
class=retry_eligible attempts=1 amount=above elapsed=cooldown+1s kill=true -> deny R8-KILL-SWITCH remaining=2
class=retry_eligible attempts=2 amount=below elapsed=0 kill=false -> deny R2-COOLDOWN remaining=1
class=retry_eligible attempts=2 amount=below elapsed=0 kill=true -> deny R8-KILL-SWITCH remaining=1
class=retry_eligible attempts=2 amount=below elapsed=cooldown-1s kill=false -> deny R2-COOLDOWN remaining=1
class=retry_eligible attempts=2 amount=below elapsed=cooldown-1s kill=true -> deny R8-KILL-SWITCH remaining=1
class=retry_eligible attempts=2 amount=below elapsed=cooldown kill=false -> allow R0-DEFAULT-ALLOW remaining=1
class=retry_eligible attempts=2 amount=below elapsed=cooldown kill=true -> deny R8-KILL-SWITCH remaining=1
class=retry_eligible attempts=2 amount=below elapsed=cooldown+1s kill=false -> allow R0-DEFAULT-ALLOW remaining=1
class=retry_eligible attempts=2 amount=below elapsed=cooldown+1s kill=true -> deny R8-KILL-SWITCH remaining=1
class=retry_eligible attempts=2 amount=at elapsed=0 kill=false -> deny R2-COOLDOWN remaining=1
class=retry_eligible attempts=2 amount=at elapsed=0 kill=true -> deny R8-KILL-SWITCH remaining=1
class=retry_eligible attempts=2 amount=at elapsed=cooldown-1s kill=false -> deny R2-COOLDOWN remaining=1
class=retry_eligible attempts=2 amount=at elapsed=cooldown-1s kill=true -> deny R8-KILL-SWITCH remaining=1
class=retry_eligible attempts=2 amount=at elapsed=cooldown kill=false -> allow R0-DEFAULT-ALLOW remaining=1
class=retry_eligible attempts=2 amount=at elapsed=cooldown kill=true -> deny R8-KILL-SWITCH remaining=1
class=retry_eligible attempts=2 amount=at elapsed=cooldown+1s kill=false -> allow R0-DEFAULT-ALLOW remaining=1
class=retry_eligible attempts=2 amount=at elapsed=cooldown+1s kill=true -> deny R8-KILL-SWITCH remaining=1
class=retry_eligible attempts=2 amount=above elapsed=0 kill=false -> escalate R3-AMOUNT-CEILING remaining=1
class=retry_eligible attempts=2 amount=above elapsed=0 kill=true -> deny R8-KILL-SWITCH remaining=1
class=retry_eligible attempts=2 amount=above elapsed=cooldown-1s kill=false -> escalate R3-AMOUNT-CEILING remaining=1
class=retry_eligible attempts=2 amount=above elapsed=cooldown-1s kill=true -> deny R8-KILL-SWITCH remaining=1
class=retry_eligible attempts=2 amount=above elapsed=cooldown kill=false -> escalate R3-AMOUNT-CEILING remaining=1
class=retry_eligible attempts=2 amount=above elapsed=cooldown kill=true -> deny R8-KILL-SWITCH remaining=1
class=retry_eligible attempts=2 amount=above elapsed=cooldown+1s kill=false -> escalate R3-AMOUNT-CEILING remaining=1
class=retry_eligible attempts=2 amount=above elapsed=cooldown+1s kill=true -> deny R8-KILL-SWITCH remaining=1
class=retry_eligible attempts=3 amount=below elapsed=0 kill=false -> deny R1-MAX-ATTEMPTS remaining=0
class=retry_eligible attempts=3 amount=below elapsed=0 kill=true -> deny R8-KILL-SWITCH remaining=0
class=retry_eligible attempts=3 amount=below elapsed=cooldown-1s kill=false -> deny R1-MAX-ATTEMPTS remaining=0
class=retry_eligible attempts=3 amount=below elapsed=cooldown-1s kill=true -> deny R8-KILL-SWITCH remaining=0
class=retry_eligible attempts=3 amount=below elapsed=cooldown kill=false -> deny R1-MAX-ATTEMPTS remaining=0
class=retry_eligible attempts=3 amount=below elapsed=cooldown kill=true -> deny R8-KILL-SWITCH remaining=0
class=retry_eligible attempts=3 amount=below elapsed=cooldown+1s kill=false -> deny R1-MAX-ATTEMPTS remaining=0
class=retry_eligible attempts=3 amount=below elapsed=cooldown+1s kill=true -> deny R8-KILL-SWITCH remaining=0
class=retry_eligible attempts=3 amount=at elapsed=0 kill=false -> deny R1-MAX-ATTEMPTS remaining=0
class=retry_eligible attempts=3 amount=at elapsed=0 kill=true -> deny R8-KILL-SWITCH remaining=0
class=retry_eligible attempts=3 amount=at elapsed=cooldown-1s kill=false -> deny R1-MAX-ATTEMPTS remaining=0
class=retry_eligible attempts=3 amount=at elapsed=cooldown-1s kill=true -> deny R8-KILL-SWITCH remaining=0
class=retry_eligible attempts=3 amount=at elapsed=cooldown kill=false -> deny R1-MAX-ATTEMPTS remaining=0
class=retry_eligible attempts=3 amount=at elapsed=cooldown kill=true -> deny R8-KILL-SWITCH remaining=0
class=retry_eligible attempts=3 amount=at elapsed=cooldown+1s kill=false -> deny R1-MAX-ATTEMPTS remaining=0
class=retry_eligible attempts=3 amount=at elapsed=cooldown+1s kill=true -> deny R8-KILL-SWITCH remaining=0
class=retry_eligible attempts=3 amount=above elapsed=0 kill=false -> escalate R3-AMOUNT-CEILING remaining=0
class=retry_eligible attempts=3 amount=above elapsed=0 kill=true -> deny R8-KILL-SWITCH remaining=0
class=retry_eligible attempts=3 amount=above elapsed=cooldown-1s kill=false -> escalate R3-AMOUNT-CEILING remaining=0
class=retry_eligible attempts=3 amount=above elapsed=cooldown-1s kill=true -> deny R8-KILL-SWITCH remaining=0
class=retry_eligible attempts=3 amount=above elapsed=cooldown kill=false -> escalate R3-AMOUNT-CEILING remaining=0
class=retry_eligible attempts=3 amount=above elapsed=cooldown kill=true -> deny R8-KILL-SWITCH remaining=0
class=retry_eligible attempts=3 amount=above elapsed=cooldown+1s kill=false -> escalate R3-AMOUNT-CEILING remaining=0
class=retry_eligible attempts=3 amount=above elapsed=cooldown+1s kill=true -> deny R8-KILL-SWITCH remaining=0
class=reauth_required attempts=0 amount=below elapsed=0 kill=false -> deny R2-COOLDOWN remaining=3
class=reauth_required attempts=0 amount=below elapsed=0 kill=true -> deny R8-KILL-SWITCH remaining=3
class=reauth_required attempts=0 amount=below elapsed=cooldown-1s kill=false -> deny R2-COOLDOWN remaining=3
class=reauth_required attempts=0 amount=below elapsed=cooldown-1s kill=true -> deny R8-KILL-SWITCH remaining=3
class=reauth_required attempts=0 amount=below elapsed=cooldown kill=false -> allow R0-DEFAULT-ALLOW remaining=3
class=reauth_required attempts=0 amount=below elapsed=cooldown kill=true -> deny R8-KILL-SWITCH remaining=3
class=reauth_required attempts=0 amount=below elapsed=cooldown+1s kill=false -> allow R0-DEFAULT-ALLOW remaining=3
class=reauth_required attempts=0 amount=below elapsed=cooldown+1s kill=true -> deny R8-KILL-SWITCH remaining=3
class=reauth_required attempts=0 amount=at elapsed=0 kill=false -> deny R2-COOLDOWN remaining=3
class=reauth_required attempts=0 amount=at elapsed=0 kill=true -> deny R8-KILL-SWITCH remaining=3
class=reauth_required attempts=0 amount=at elapsed=cooldown-1s kill=false -> deny R2-COOLDOWN remaining=3
class=reauth_required attempts=0 amount=at elapsed=cooldown-1s kill=true -> deny R8-KILL-SWITCH remaining=3
class=reauth_required attempts=0 amount=at elapsed=cooldown kill=false -> allow R0-DEFAULT-ALLOW remaining=3
class=reauth_required attempts=0 amount=at elapsed=cooldown kill=true -> deny R8-KILL-SWITCH remaining=3
class=reauth_required attempts=0 amount=at elapsed=cooldown+1s kill=false -> allow R0-DEFAULT-ALLOW remaining=3
class=reauth_required attempts=0 amount=at elapsed=cooldown+1s kill=true -> deny R8-KILL-SWITCH remaining=3
class=reauth_required attempts=0 amount=above elapsed=0 kill=false -> escalate R3-AMOUNT-CEILING remaining=3
class=reauth_required attempts=0 amount=above elapsed=0 kill=true -> deny R8-KILL-SWITCH remaining=3
class=reauth_required attempts=0 amount=above elapsed=cooldown-1s kill=false -> escalate R3-AMOUNT-CEILING remaining=3
class=reauth_required attempts=0 amount=above elapsed=cooldown-1s kill=true -> deny R8-KILL-SWITCH remaining=3
class=reauth_required attempts=0 amount=above elapsed=cooldown kill=false -> escalate R3-AMOUNT-CEILING remaining=3
class=reauth_required attempts=0 amount=above elapsed=cooldown kill=true -> deny R8-KILL-SWITCH remaining=3
class=reauth_required attempts=0 amount=above elapsed=cooldown+1s kill=false -> escalate R3-AMOUNT-CEILING remaining=3
class=reauth_required attempts=0 amount=above elapsed=cooldown+1s kill=true -> deny R8-KILL-SWITCH remaining=3
class=reauth_required attempts=1 amount=below elapsed=0 kill=false -> deny R2-COOLDOWN remaining=2
class=reauth_required attempts=1 amount=below elapsed=0 kill=true -> deny R8-KILL-SWITCH remaining=2
class=reauth_required attempts=1 amount=below elapsed=cooldown-1s kill=false -> deny R2-COOLDOWN remaining=2
class=reauth_required attempts=1 amount=below elapsed=cooldown-1s kill=true -> deny R8-KILL-SWITCH remaining=2
class=reauth_required attempts=1 amount=below elapsed=cooldown kill=false -> allow R0-DEFAULT-ALLOW remaining=2
class=reauth_required attempts=1 amount=below elapsed=cooldown kill=true -> deny R8-KILL-SWITCH remaining=2
class=reauth_required attempts=1 amount=below elapsed=cooldown+1s kill=false -> allow R0-DEFAULT-ALLOW remaining=2
class=reauth_required attempts=1 amount=below elapsed=cooldown+1s kill=true -> deny R8-KILL-SWITCH remaining=2
class=reauth_required attempts=1 amount=at elapsed=0 kill=false -> deny R2-COOLDOWN remaining=2
class=reauth_required attempts=1 amount=at elapsed=0 kill=true -> deny R8-KILL-SWITCH remaining=2
class=reauth_required attempts=1 amount=at elapsed=cooldown-1s kill=false -> deny R2-COOLDOWN remaining=2
class=reauth_required attempts=1 amount=at elapsed=cooldown-1s kill=true -> deny R8-KILL-SWITCH remaining=2
class=reauth_required attempts=1 amount=at elapsed=cooldown kill=false -> allow R0-DEFAULT-ALLOW remaining=2
class=reauth_required attempts=1 amount=at elapsed=cooldown kill=true -> deny R8-KILL-SWITCH remaining=2
class=reauth_required attempts=1 amount=at elapsed=cooldown+1s kill=false -> allow R0-DEFAULT-ALLOW remaining=2
class=reauth_required attempts=1 amount=at elapsed=cooldown+1s kill=true -> deny R8-KILL-SWITCH remaining=2
class=reauth_required attempts=1 amount=above elapsed=0 kill=false -> escalate R3-AMOUNT-CEILING remaining=2
class=reauth_required attempts=1 amount=above elapsed=0 kill=true -> deny R8-KILL-SWITCH remaining=2
class=reauth_required attempts=1 amount=above elapsed=cooldown-1s kill=false -> escalate R3-AMOUNT-CEILING remaining=2
class=reauth_required attempts=1 amount=above elapsed=cooldown-1s kill=true -> deny R8-KILL-SWITCH remaining=2
class=reauth_required attempts=1 amount=above elapsed=cooldown kill=false -> escalate R3-AMOUNT-CEILING remaining=2
class=reauth_required attempts=1 amount=above elapsed=cooldown kill=true -> deny R8-KILL-SWITCH remaining=2
class=reauth_required attempts=1 amount=above elapsed=cooldown+1s kill=false -> escalate R3-AMOUNT-CEILING remaining=2
class=reauth_required attempts=1 amount=above elapsed=cooldown+1s kill=true -> deny R8-KILL-SWITCH remaining=2
class=reauth_required attempts=2 amount=below elapsed=0 kill=false -> deny R2-COOLDOWN remaining=1
class=reauth_required attempts=2 amount=below elapsed=0 kill=true -> deny R8-KILL-SWITCH remaining=1
class=reauth_required attempts=2 amount=below elapsed=cooldown-1s kill=false -> deny R2-COOLDOWN remaining=1
class=reauth_required attempts=2 amount=below elapsed=cooldown-1s kill=true -> deny R8-KILL-SWITCH remaining=1
class=reauth_required attempts=2 amount=below elapsed=cooldown kill=false -> allow R0-DEFAULT-ALLOW remaining=1
class=reauth_required attempts=2 amount=below elapsed=cooldown kill=true -> deny R8-KILL-SWITCH remaining=1
class=reauth_required attempts=2 amount=below elapsed=cooldown+1s kill=false -> allow R0-DEFAULT-ALLOW remaining=1
class=reauth_required attempts=2 amount=below elapsed=cooldown+1s kill=true -> deny R8-KILL-SWITCH remaining=1
class=reauth_required attempts=2 amount=at elapsed=0 kill=false -> deny R2-COOLDOWN remaining=1
class=reauth_required attempts=2 amount=at elapsed=0 kill=true -> deny R8-KILL-SWITCH remaining=1
class=reauth_required attempts=2 amount=at elapsed=cooldown-1s kill=false -> deny R2-COOLDOWN remaining=1
class=reauth_required attempts=2 amount=at elapsed=cooldown-1s kill=true -> deny R8-KILL-SWITCH remaining=1
class=reauth_required attempts=2 amount=at elapsed=cooldown kill=false -> allow R0-DEFAULT-ALLOW remaining=1
class=reauth_required attempts=2 amount=at elapsed=cooldown kill=true -> deny R8-KILL-SWITCH remaining=1
class=reauth_required attempts=2 amount=at elapsed=cooldown+1s kill=false -> allow R0-DEFAULT-ALLOW remaining=1
class=reauth_required attempts=2 amount=at elapsed=cooldown+1s kill=true -> deny R8-KILL-SWITCH remaining=1
class=reauth_required attempts=2 amount=above elapsed=0 kill=false -> escalate R3-AMOUNT-CEILING remaining=1
class=reauth_required attempts=2 amount=above elapsed=0 kill=true -> deny R8-KILL-SWITCH remaining=1
class=reauth_required attempts=2 amount=above elapsed=cooldown-1s kill=false -> escalate R3-AMOUNT-CEILING remaining=1
class=reauth_required attempts=2 amount=above elapsed=cooldown-1s kill=true -> deny R8-KILL-SWITCH remaining=1
class=reauth_required attempts=2 amount=above elapsed=cooldown kill=false -> escalate R3-AMOUNT-CEILING remaining=1
class=reauth_required attempts=2 amount=above elapsed=cooldown kill=true -> deny R8-KILL-SWITCH remaining=1
class=reauth_required attempts=2 amount=above elapsed=cooldown+1s kill=false -> escalate R3-AMOUNT-CEILING remaining=1
class=reauth_required attempts=2 amount=above elapsed=cooldown+1s kill=true -> deny R8-KILL-SWITCH remaining=1
class=reauth_required attempts=3 amount=below elapsed=0 kill=false -> deny R1-MAX-ATTEMPTS remaining=0
class=reauth_required attempts=3 amount=below elapsed=0 kill=true -> deny R8-KILL-SWITCH remaining=0
class=reauth_required attempts=3 amount=below elapsed=cooldown-1s kill=false -> deny R1-MAX-ATTEMPTS remaining=0
class=reauth_required attempts=3 amount=below elapsed=cooldown-1s kill=true -> deny R8-KILL-SWITCH remaining=0
class=reauth_required attempts=3 amount=below elapsed=cooldown kill=false -> deny R1-MAX-ATTEMPTS remaining=0
class=reauth_required attempts=3 amount=below elapsed=cooldown kill=true -> deny R8-KILL-SWITCH remaining=0
class=reauth_required attempts=3 amount=below elapsed=cooldown+1s kill=false -> deny R1-MAX-ATTEMPTS remaining=0
class=reauth_required attempts=3 amount=below elapsed=cooldown+1s kill=true -> deny R8-KILL-SWITCH remaining=0
class=reauth_required attempts=3 amount=at elapsed=0 kill=false -> deny R1-MAX-ATTEMPTS remaining=0
class=reauth_required attempts=3 amount=at elapsed=0 kill=true -> deny R8-KILL-SWITCH remaining=0
class=reauth_required attempts=3 amount=at elapsed=cooldown-1s kill=false -> deny R1-MAX-ATTEMPTS remaining=0
class=reauth_required attempts=3 amount=at elapsed=cooldown-1s kill=true -> deny R8-KILL-SWITCH remaining=0
class=reauth_required attempts=3 amount=at elapsed=cooldown kill=false -> deny R1-MAX-ATTEMPTS remaining=0
class=reauth_required attempts=3 amount=at elapsed=cooldown kill=true -> deny R8-KILL-SWITCH remaining=0
class=reauth_required attempts=3 amount=at elapsed=cooldown+1s kill=false -> deny R1-MAX-ATTEMPTS remaining=0
class=reauth_required attempts=3 amount=at elapsed=cooldown+1s kill=true -> deny R8-KILL-SWITCH remaining=0
class=reauth_required attempts=3 amount=above elapsed=0 kill=false -> escalate R3-AMOUNT-CEILING remaining=0
class=reauth_required attempts=3 amount=above elapsed=0 kill=true -> deny R8-KILL-SWITCH remaining=0
class=reauth_required attempts=3 amount=above elapsed=cooldown-1s kill=false -> escalate R3-AMOUNT-CEILING remaining=0
class=reauth_required attempts=3 amount=above elapsed=cooldown-1s kill=true -> deny R8-KILL-SWITCH remaining=0
class=reauth_required attempts=3 amount=above elapsed=cooldown kill=false -> escalate R3-AMOUNT-CEILING remaining=0
class=reauth_required attempts=3 amount=above elapsed=cooldown kill=true -> deny R8-KILL-SWITCH remaining=0
class=reauth_required attempts=3 amount=above elapsed=cooldown+1s kill=false -> escalate R3-AMOUNT-CEILING remaining=0
class=reauth_required attempts=3 amount=above elapsed=cooldown+1s kill=true -> deny R8-KILL-SWITCH remaining=0
class=new_instrument_required attempts=0 amount=below elapsed=0 kill=false -> deny R2-COOLDOWN remaining=3
class=new_instrument_required attempts=0 amount=below elapsed=0 kill=true -> deny R8-KILL-SWITCH remaining=3
class=new_instrument_required attempts=0 amount=below elapsed=cooldown-1s kill=false -> deny R2-COOLDOWN remaining=3
class=new_instrument_required attempts=0 amount=below elapsed=cooldown-1s kill=true -> deny R8-KILL-SWITCH remaining=3
class=new_instrument_required attempts=0 amount=below elapsed=cooldown kill=false -> allow R0-DEFAULT-ALLOW remaining=3
class=new_instrument_required attempts=0 amount=below elapsed=cooldown kill=true -> deny R8-KILL-SWITCH remaining=3
class=new_instrument_required attempts=0 amount=below elapsed=cooldown+1s kill=false -> allow R0-DEFAULT-ALLOW remaining=3
class=new_instrument_required attempts=0 amount=below elapsed=cooldown+1s kill=true -> deny R8-KILL-SWITCH remaining=3
class=new_instrument_required attempts=0 amount=at elapsed=0 kill=false -> deny R2-COOLDOWN remaining=3
class=new_instrument_required attempts=0 amount=at elapsed=0 kill=true -> deny R8-KILL-SWITCH remaining=3
class=new_instrument_required attempts=0 amount=at elapsed=cooldown-1s kill=false -> deny R2-COOLDOWN remaining=3
class=new_instrument_required attempts=0 amount=at elapsed=cooldown-1s kill=true -> deny R8-KILL-SWITCH remaining=3
class=new_instrument_required attempts=0 amount=at elapsed=cooldown kill=false -> allow R0-DEFAULT-ALLOW remaining=3
class=new_instrument_required attempts=0 amount=at elapsed=cooldown kill=true -> deny R8-KILL-SWITCH remaining=3
class=new_instrument_required attempts=0 amount=at elapsed=cooldown+1s kill=false -> allow R0-DEFAULT-ALLOW remaining=3
class=new_instrument_required attempts=0 amount=at elapsed=cooldown+1s kill=true -> deny R8-KILL-SWITCH remaining=3
class=new_instrument_required attempts=0 amount=above elapsed=0 kill=false -> escalate R3-AMOUNT-CEILING remaining=3
class=new_instrument_required attempts=0 amount=above elapsed=0 kill=true -> deny R8-KILL-SWITCH remaining=3
class=new_instrument_required attempts=0 amount=above elapsed=cooldown-1s kill=false -> escalate R3-AMOUNT-CEILING remaining=3
class=new_instrument_required attempts=0 amount=above elapsed=cooldown-1s kill=true -> deny R8-KILL-SWITCH remaining=3
class=new_instrument_required attempts=0 amount=above elapsed=cooldown kill=false -> escalate R3-AMOUNT-CEILING remaining=3
class=new_instrument_required attempts=0 amount=above elapsed=cooldown kill=true -> deny R8-KILL-SWITCH remaining=3
class=new_instrument_required attempts=0 amount=above elapsed=cooldown+1s kill=false -> escalate R3-AMOUNT-CEILING remaining=3
class=new_instrument_required attempts=0 amount=above elapsed=cooldown+1s kill=true -> deny R8-KILL-SWITCH remaining=3
class=new_instrument_required attempts=1 amount=below elapsed=0 kill=false -> deny R2-COOLDOWN remaining=2
class=new_instrument_required attempts=1 amount=below elapsed=0 kill=true -> deny R8-KILL-SWITCH remaining=2
class=new_instrument_required attempts=1 amount=below elapsed=cooldown-1s kill=false -> deny R2-COOLDOWN remaining=2
class=new_instrument_required attempts=1 amount=below elapsed=cooldown-1s kill=true -> deny R8-KILL-SWITCH remaining=2
class=new_instrument_required attempts=1 amount=below elapsed=cooldown kill=false -> allow R0-DEFAULT-ALLOW remaining=2
class=new_instrument_required attempts=1 amount=below elapsed=cooldown kill=true -> deny R8-KILL-SWITCH remaining=2
class=new_instrument_required attempts=1 amount=below elapsed=cooldown+1s kill=false -> allow R0-DEFAULT-ALLOW remaining=2
class=new_instrument_required attempts=1 amount=below elapsed=cooldown+1s kill=true -> deny R8-KILL-SWITCH remaining=2
class=new_instrument_required attempts=1 amount=at elapsed=0 kill=false -> deny R2-COOLDOWN remaining=2
class=new_instrument_required attempts=1 amount=at elapsed=0 kill=true -> deny R8-KILL-SWITCH remaining=2
class=new_instrument_required attempts=1 amount=at elapsed=cooldown-1s kill=false -> deny R2-COOLDOWN remaining=2
class=new_instrument_required attempts=1 amount=at elapsed=cooldown-1s kill=true -> deny R8-KILL-SWITCH remaining=2
class=new_instrument_required attempts=1 amount=at elapsed=cooldown kill=false -> allow R0-DEFAULT-ALLOW remaining=2
class=new_instrument_required attempts=1 amount=at elapsed=cooldown kill=true -> deny R8-KILL-SWITCH remaining=2
class=new_instrument_required attempts=1 amount=at elapsed=cooldown+1s kill=false -> allow R0-DEFAULT-ALLOW remaining=2
class=new_instrument_required attempts=1 amount=at elapsed=cooldown+1s kill=true -> deny R8-KILL-SWITCH remaining=2
class=new_instrument_required attempts=1 amount=above elapsed=0 kill=false -> escalate R3-AMOUNT-CEILING remaining=2
class=new_instrument_required attempts=1 amount=above elapsed=0 kill=true -> deny R8-KILL-SWITCH remaining=2
class=new_instrument_required attempts=1 amount=above elapsed=cooldown-1s kill=false -> escalate R3-AMOUNT-CEILING remaining=2
class=new_instrument_required attempts=1 amount=above elapsed=cooldown-1s kill=true -> deny R8-KILL-SWITCH remaining=2
class=new_instrument_required attempts=1 amount=above elapsed=cooldown kill=false -> escalate R3-AMOUNT-CEILING remaining=2
class=new_instrument_required attempts=1 amount=above elapsed=cooldown kill=true -> deny R8-KILL-SWITCH remaining=2
class=new_instrument_required attempts=1 amount=above elapsed=cooldown+1s kill=false -> escalate R3-AMOUNT-CEILING remaining=2
class=new_instrument_required attempts=1 amount=above elapsed=cooldown+1s kill=true -> deny R8-KILL-SWITCH remaining=2
class=new_instrument_required attempts=2 amount=below elapsed=0 kill=false -> deny R2-COOLDOWN remaining=1
class=new_instrument_required attempts=2 amount=below elapsed=0 kill=true -> deny R8-KILL-SWITCH remaining=1
class=new_instrument_required attempts=2 amount=below elapsed=cooldown-1s kill=false -> deny R2-COOLDOWN remaining=1
class=new_instrument_required attempts=2 amount=below elapsed=cooldown-1s kill=true -> deny R8-KILL-SWITCH remaining=1
class=new_instrument_required attempts=2 amount=below elapsed=cooldown kill=false -> allow R0-DEFAULT-ALLOW remaining=1
class=new_instrument_required attempts=2 amount=below elapsed=cooldown kill=true -> deny R8-KILL-SWITCH remaining=1
class=new_instrument_required attempts=2 amount=below elapsed=cooldown+1s kill=false -> allow R0-DEFAULT-ALLOW remaining=1
class=new_instrument_required attempts=2 amount=below elapsed=cooldown+1s kill=true -> deny R8-KILL-SWITCH remaining=1
class=new_instrument_required attempts=2 amount=at elapsed=0 kill=false -> deny R2-COOLDOWN remaining=1
class=new_instrument_required attempts=2 amount=at elapsed=0 kill=true -> deny R8-KILL-SWITCH remaining=1
class=new_instrument_required attempts=2 amount=at elapsed=cooldown-1s kill=false -> deny R2-COOLDOWN remaining=1
class=new_instrument_required attempts=2 amount=at elapsed=cooldown-1s kill=true -> deny R8-KILL-SWITCH remaining=1
class=new_instrument_required attempts=2 amount=at elapsed=cooldown kill=false -> allow R0-DEFAULT-ALLOW remaining=1
class=new_instrument_required attempts=2 amount=at elapsed=cooldown kill=true -> deny R8-KILL-SWITCH remaining=1
class=new_instrument_required attempts=2 amount=at elapsed=cooldown+1s kill=false -> allow R0-DEFAULT-ALLOW remaining=1
class=new_instrument_required attempts=2 amount=at elapsed=cooldown+1s kill=true -> deny R8-KILL-SWITCH remaining=1
class=new_instrument_required attempts=2 amount=above elapsed=0 kill=false -> escalate R3-AMOUNT-CEILING remaining=1
class=new_instrument_required attempts=2 amount=above elapsed=0 kill=true -> deny R8-KILL-SWITCH remaining=1
class=new_instrument_required attempts=2 amount=above elapsed=cooldown-1s kill=false -> escalate R3-AMOUNT-CEILING remaining=1
class=new_instrument_required attempts=2 amount=above elapsed=cooldown-1s kill=true -> deny R8-KILL-SWITCH remaining=1
class=new_instrument_required attempts=2 amount=above elapsed=cooldown kill=false -> escalate R3-AMOUNT-CEILING remaining=1
class=new_instrument_required attempts=2 amount=above elapsed=cooldown kill=true -> deny R8-KILL-SWITCH remaining=1
class=new_instrument_required attempts=2 amount=above elapsed=cooldown+1s kill=false -> escalate R3-AMOUNT-CEILING remaining=1
class=new_instrument_required attempts=2 amount=above elapsed=cooldown+1s kill=true -> deny R8-KILL-SWITCH remaining=1
class=new_instrument_required attempts=3 amount=below elapsed=0 kill=false -> deny R1-MAX-ATTEMPTS remaining=0
class=new_instrument_required attempts=3 amount=below elapsed=0 kill=true -> deny R8-KILL-SWITCH remaining=0
class=new_instrument_required attempts=3 amount=below elapsed=cooldown-1s kill=false -> deny R1-MAX-ATTEMPTS remaining=0
class=new_instrument_required attempts=3 amount=below elapsed=cooldown-1s kill=true -> deny R8-KILL-SWITCH remaining=0
class=new_instrument_required attempts=3 amount=below elapsed=cooldown kill=false -> deny R1-MAX-ATTEMPTS remaining=0
class=new_instrument_required attempts=3 amount=below elapsed=cooldown kill=true -> deny R8-KILL-SWITCH remaining=0
class=new_instrument_required attempts=3 amount=below elapsed=cooldown+1s kill=false -> deny R1-MAX-ATTEMPTS remaining=0
class=new_instrument_required attempts=3 amount=below elapsed=cooldown+1s kill=true -> deny R8-KILL-SWITCH remaining=0
class=new_instrument_required attempts=3 amount=at elapsed=0 kill=false -> deny R1-MAX-ATTEMPTS remaining=0
class=new_instrument_required attempts=3 amount=at elapsed=0 kill=true -> deny R8-KILL-SWITCH remaining=0
class=new_instrument_required attempts=3 amount=at elapsed=cooldown-1s kill=false -> deny R1-MAX-ATTEMPTS remaining=0
class=new_instrument_required attempts=3 amount=at elapsed=cooldown-1s kill=true -> deny R8-KILL-SWITCH remaining=0
class=new_instrument_required attempts=3 amount=at elapsed=cooldown kill=false -> deny R1-MAX-ATTEMPTS remaining=0
class=new_instrument_required attempts=3 amount=at elapsed=cooldown kill=true -> deny R8-KILL-SWITCH remaining=0
class=new_instrument_required attempts=3 amount=at elapsed=cooldown+1s kill=false -> deny R1-MAX-ATTEMPTS remaining=0
class=new_instrument_required attempts=3 amount=at elapsed=cooldown+1s kill=true -> deny R8-KILL-SWITCH remaining=0
class=new_instrument_required attempts=3 amount=above elapsed=0 kill=false -> escalate R3-AMOUNT-CEILING remaining=0
class=new_instrument_required attempts=3 amount=above elapsed=0 kill=true -> deny R8-KILL-SWITCH remaining=0
class=new_instrument_required attempts=3 amount=above elapsed=cooldown-1s kill=false -> escalate R3-AMOUNT-CEILING remaining=0
class=new_instrument_required attempts=3 amount=above elapsed=cooldown-1s kill=true -> deny R8-KILL-SWITCH remaining=0
class=new_instrument_required attempts=3 amount=above elapsed=cooldown kill=false -> escalate R3-AMOUNT-CEILING remaining=0
class=new_instrument_required attempts=3 amount=above elapsed=cooldown kill=true -> deny R8-KILL-SWITCH remaining=0
class=new_instrument_required attempts=3 amount=above elapsed=cooldown+1s kill=false -> escalate R3-AMOUNT-CEILING remaining=0
class=new_instrument_required attempts=3 amount=above elapsed=cooldown+1s kill=true -> deny R8-KILL-SWITCH remaining=0
class=never_retry attempts=0 amount=below elapsed=0 kill=false -> escalate R4-NEVER-RETRY-CLASS remaining=3
class=never_retry attempts=0 amount=below elapsed=0 kill=true -> deny R8-KILL-SWITCH remaining=3
class=never_retry attempts=0 amount=below elapsed=cooldown-1s kill=false -> escalate R4-NEVER-RETRY-CLASS remaining=3
class=never_retry attempts=0 amount=below elapsed=cooldown-1s kill=true -> deny R8-KILL-SWITCH remaining=3
class=never_retry attempts=0 amount=below elapsed=cooldown kill=false -> escalate R4-NEVER-RETRY-CLASS remaining=3
class=never_retry attempts=0 amount=below elapsed=cooldown kill=true -> deny R8-KILL-SWITCH remaining=3
class=never_retry attempts=0 amount=below elapsed=cooldown+1s kill=false -> escalate R4-NEVER-RETRY-CLASS remaining=3
class=never_retry attempts=0 amount=below elapsed=cooldown+1s kill=true -> deny R8-KILL-SWITCH remaining=3
class=never_retry attempts=0 amount=at elapsed=0 kill=false -> escalate R4-NEVER-RETRY-CLASS remaining=3
class=never_retry attempts=0 amount=at elapsed=0 kill=true -> deny R8-KILL-SWITCH remaining=3
class=never_retry attempts=0 amount=at elapsed=cooldown-1s kill=false -> escalate R4-NEVER-RETRY-CLASS remaining=3
class=never_retry attempts=0 amount=at elapsed=cooldown-1s kill=true -> deny R8-KILL-SWITCH remaining=3
class=never_retry attempts=0 amount=at elapsed=cooldown kill=false -> escalate R4-NEVER-RETRY-CLASS remaining=3
class=never_retry attempts=0 amount=at elapsed=cooldown kill=true -> deny R8-KILL-SWITCH remaining=3
class=never_retry attempts=0 amount=at elapsed=cooldown+1s kill=false -> escalate R4-NEVER-RETRY-CLASS remaining=3
class=never_retry attempts=0 amount=at elapsed=cooldown+1s kill=true -> deny R8-KILL-SWITCH remaining=3
class=never_retry attempts=0 amount=above elapsed=0 kill=false -> escalate R4-NEVER-RETRY-CLASS remaining=3
class=never_retry attempts=0 amount=above elapsed=0 kill=true -> deny R8-KILL-SWITCH remaining=3
class=never_retry attempts=0 amount=above elapsed=cooldown-1s kill=false -> escalate R4-NEVER-RETRY-CLASS remaining=3
class=never_retry attempts=0 amount=above elapsed=cooldown-1s kill=true -> deny R8-KILL-SWITCH remaining=3
class=never_retry attempts=0 amount=above elapsed=cooldown kill=false -> escalate R4-NEVER-RETRY-CLASS remaining=3
class=never_retry attempts=0 amount=above elapsed=cooldown kill=true -> deny R8-KILL-SWITCH remaining=3
class=never_retry attempts=0 amount=above elapsed=cooldown+1s kill=false -> escalate R4-NEVER-RETRY-CLASS remaining=3
class=never_retry attempts=0 amount=above elapsed=cooldown+1s kill=true -> deny R8-KILL-SWITCH remaining=3
class=never_retry attempts=1 amount=below elapsed=0 kill=false -> escalate R4-NEVER-RETRY-CLASS remaining=2
class=never_retry attempts=1 amount=below elapsed=0 kill=true -> deny R8-KILL-SWITCH remaining=2
class=never_retry attempts=1 amount=below elapsed=cooldown-1s kill=false -> escalate R4-NEVER-RETRY-CLASS remaining=2
class=never_retry attempts=1 amount=below elapsed=cooldown-1s kill=true -> deny R8-KILL-SWITCH remaining=2
class=never_retry attempts=1 amount=below elapsed=cooldown kill=false -> escalate R4-NEVER-RETRY-CLASS remaining=2
class=never_retry attempts=1 amount=below elapsed=cooldown kill=true -> deny R8-KILL-SWITCH remaining=2
class=never_retry attempts=1 amount=below elapsed=cooldown+1s kill=false -> escalate R4-NEVER-RETRY-CLASS remaining=2
class=never_retry attempts=1 amount=below elapsed=cooldown+1s kill=true -> deny R8-KILL-SWITCH remaining=2
class=never_retry attempts=1 amount=at elapsed=0 kill=false -> escalate R4-NEVER-RETRY-CLASS remaining=2
class=never_retry attempts=1 amount=at elapsed=0 kill=true -> deny R8-KILL-SWITCH remaining=2
class=never_retry attempts=1 amount=at elapsed=cooldown-1s kill=false -> escalate R4-NEVER-RETRY-CLASS remaining=2
class=never_retry attempts=1 amount=at elapsed=cooldown-1s kill=true -> deny R8-KILL-SWITCH remaining=2
class=never_retry attempts=1 amount=at elapsed=cooldown kill=false -> escalate R4-NEVER-RETRY-CLASS remaining=2
class=never_retry attempts=1 amount=at elapsed=cooldown kill=true -> deny R8-KILL-SWITCH remaining=2
class=never_retry attempts=1 amount=at elapsed=cooldown+1s kill=false -> escalate R4-NEVER-RETRY-CLASS remaining=2
class=never_retry attempts=1 amount=at elapsed=cooldown+1s kill=true -> deny R8-KILL-SWITCH remaining=2
class=never_retry attempts=1 amount=above elapsed=0 kill=false -> escalate R4-NEVER-RETRY-CLASS remaining=2
class=never_retry attempts=1 amount=above elapsed=0 kill=true -> deny R8-KILL-SWITCH remaining=2
class=never_retry attempts=1 amount=above elapsed=cooldown-1s kill=false -> escalate R4-NEVER-RETRY-CLASS remaining=2
class=never_retry attempts=1 amount=above elapsed=cooldown-1s kill=true -> deny R8-KILL-SWITCH remaining=2
class=never_retry attempts=1 amount=above elapsed=cooldown kill=false -> escalate R4-NEVER-RETRY-CLASS remaining=2
class=never_retry attempts=1 amount=above elapsed=cooldown kill=true -> deny R8-KILL-SWITCH remaining=2
class=never_retry attempts=1 amount=above elapsed=cooldown+1s kill=false -> escalate R4-NEVER-RETRY-CLASS remaining=2
class=never_retry attempts=1 amount=above elapsed=cooldown+1s kill=true -> deny R8-KILL-SWITCH remaining=2
class=never_retry attempts=2 amount=below elapsed=0 kill=false -> escalate R4-NEVER-RETRY-CLASS remaining=1
class=never_retry attempts=2 amount=below elapsed=0 kill=true -> deny R8-KILL-SWITCH remaining=1
class=never_retry attempts=2 amount=below elapsed=cooldown-1s kill=false -> escalate R4-NEVER-RETRY-CLASS remaining=1
class=never_retry attempts=2 amount=below elapsed=cooldown-1s kill=true -> deny R8-KILL-SWITCH remaining=1
class=never_retry attempts=2 amount=below elapsed=cooldown kill=false -> escalate R4-NEVER-RETRY-CLASS remaining=1
class=never_retry attempts=2 amount=below elapsed=cooldown kill=true -> deny R8-KILL-SWITCH remaining=1
class=never_retry attempts=2 amount=below elapsed=cooldown+1s kill=false -> escalate R4-NEVER-RETRY-CLASS remaining=1
class=never_retry attempts=2 amount=below elapsed=cooldown+1s kill=true -> deny R8-KILL-SWITCH remaining=1
class=never_retry attempts=2 amount=at elapsed=0 kill=false -> escalate R4-NEVER-RETRY-CLASS remaining=1
class=never_retry attempts=2 amount=at elapsed=0 kill=true -> deny R8-KILL-SWITCH remaining=1
class=never_retry attempts=2 amount=at elapsed=cooldown-1s kill=false -> escalate R4-NEVER-RETRY-CLASS remaining=1
class=never_retry attempts=2 amount=at elapsed=cooldown-1s kill=true -> deny R8-KILL-SWITCH remaining=1
class=never_retry attempts=2 amount=at elapsed=cooldown kill=false -> escalate R4-NEVER-RETRY-CLASS remaining=1
class=never_retry attempts=2 amount=at elapsed=cooldown kill=true -> deny R8-KILL-SWITCH remaining=1
class=never_retry attempts=2 amount=at elapsed=cooldown+1s kill=false -> escalate R4-NEVER-RETRY-CLASS remaining=1
class=never_retry attempts=2 amount=at elapsed=cooldown+1s kill=true -> deny R8-KILL-SWITCH remaining=1
class=never_retry attempts=2 amount=above elapsed=0 kill=false -> escalate R4-NEVER-RETRY-CLASS remaining=1
class=never_retry attempts=2 amount=above elapsed=0 kill=true -> deny R8-KILL-SWITCH remaining=1
class=never_retry attempts=2 amount=above elapsed=cooldown-1s kill=false -> escalate R4-NEVER-RETRY-CLASS remaining=1
class=never_retry attempts=2 amount=above elapsed=cooldown-1s kill=true -> deny R8-KILL-SWITCH remaining=1
class=never_retry attempts=2 amount=above elapsed=cooldown kill=false -> escalate R4-NEVER-RETRY-CLASS remaining=1
class=never_retry attempts=2 amount=above elapsed=cooldown kill=true -> deny R8-KILL-SWITCH remaining=1
class=never_retry attempts=2 amount=above elapsed=cooldown+1s kill=false -> escalate R4-NEVER-RETRY-CLASS remaining=1
class=never_retry attempts=2 amount=above elapsed=cooldown+1s kill=true -> deny R8-KILL-SWITCH remaining=1
class=never_retry attempts=3 amount=below elapsed=0 kill=false -> escalate R4-NEVER-RETRY-CLASS remaining=0
class=never_retry attempts=3 amount=below elapsed=0 kill=true -> deny R8-KILL-SWITCH remaining=0
class=never_retry attempts=3 amount=below elapsed=cooldown-1s kill=false -> escalate R4-NEVER-RETRY-CLASS remaining=0
class=never_retry attempts=3 amount=below elapsed=cooldown-1s kill=true -> deny R8-KILL-SWITCH remaining=0
class=never_retry attempts=3 amount=below elapsed=cooldown kill=false -> escalate R4-NEVER-RETRY-CLASS remaining=0
class=never_retry attempts=3 amount=below elapsed=cooldown kill=true -> deny R8-KILL-SWITCH remaining=0
class=never_retry attempts=3 amount=below elapsed=cooldown+1s kill=false -> escalate R4-NEVER-RETRY-CLASS remaining=0
class=never_retry attempts=3 amount=below elapsed=cooldown+1s kill=true -> deny R8-KILL-SWITCH remaining=0
class=never_retry attempts=3 amount=at elapsed=0 kill=false -> escalate R4-NEVER-RETRY-CLASS remaining=0
class=never_retry attempts=3 amount=at elapsed=0 kill=true -> deny R8-KILL-SWITCH remaining=0
class=never_retry attempts=3 amount=at elapsed=cooldown-1s kill=false -> escalate R4-NEVER-RETRY-CLASS remaining=0
class=never_retry attempts=3 amount=at elapsed=cooldown-1s kill=true -> deny R8-KILL-SWITCH remaining=0
class=never_retry attempts=3 amount=at elapsed=cooldown kill=false -> escalate R4-NEVER-RETRY-CLASS remaining=0
class=never_retry attempts=3 amount=at elapsed=cooldown kill=true -> deny R8-KILL-SWITCH remaining=0
class=never_retry attempts=3 amount=at elapsed=cooldown+1s kill=false -> escalate R4-NEVER-RETRY-CLASS remaining=0
class=never_retry attempts=3 amount=at elapsed=cooldown+1s kill=true -> deny R8-KILL-SWITCH remaining=0
class=never_retry attempts=3 amount=above elapsed=0 kill=false -> escalate R4-NEVER-RETRY-CLASS remaining=0
class=never_retry attempts=3 amount=above elapsed=0 kill=true -> deny R8-KILL-SWITCH remaining=0
class=never_retry attempts=3 amount=above elapsed=cooldown-1s kill=false -> escalate R4-NEVER-RETRY-CLASS remaining=0
class=never_retry attempts=3 amount=above elapsed=cooldown-1s kill=true -> deny R8-KILL-SWITCH remaining=0
class=never_retry attempts=3 amount=above elapsed=cooldown kill=false -> escalate R4-NEVER-RETRY-CLASS remaining=0
class=never_retry attempts=3 amount=above elapsed=cooldown kill=true -> deny R8-KILL-SWITCH remaining=0
class=never_retry attempts=3 amount=above elapsed=cooldown+1s kill=false -> escalate R4-NEVER-RETRY-CLASS remaining=0
class=never_retry attempts=3 amount=above elapsed=cooldown+1s kill=true -> deny R8-KILL-SWITCH remaining=0
